// Jest Snapshot v1, https://goo.gl/fbAQLP

exports[`GlobalFormFieldMemo renders correctly 1`] = `
<FormField
  control={[Function]}
  fluid={true}
  label="testing account field"
  loading={false}
  name="account_field"
  onChange={[Function]}
/>
`;
