// Jest Snapshot v1, https://goo.gl/fbAQLP

exports[`GlobalButtonAccountImport renders correctly 1`] = `
<Translate(GlobalModalAccountImport)
  onClose={[Function]}
  open={true}
  settings={Object {}}
  trigger={
    <Button
      as="button"
      color="blue"
      content={null}
      icon="circle plus"
      onClick={[Function]}
    />
  }
/>
`;
