// Jest Snapshot v1, https://goo.gl/fbAQLP

exports[`GlobalMessageVoteProducer renders correctly 1`] = `
<Translate(GlobalMessageContractBase)>
  <p>
    <Component />
  </p>
  <p>
    <Component />
  </p>
  <p>
    <Component />
  </p>
  <p>
    <Component />
  </p>
  <p>
    <Component />
  </p>
</Translate(GlobalMessageContractBase)>
`;
